
> rpr-react-mothership@4.28.0 build
> tsc && vite build

vite v5.4.21 building for production...
transforming...
✓ 1262 modules transformed.
Generated an empty chunk: "firebase".
rendering chunks...
computing gzip size...
dist/index.html                     1.19 kB │ gzip:  0.62 kB
dist/assets/index-CxO3XR4B.css     20.71 kB │ gzip:  4.94 kB
dist/assets/firebase-l0sNRNKZ.js    0.00 kB │ gzip:  0.02 kB
dist/assets/ui-CJxs6bs0.js          1.99 kB │ gzip:  1.04 kB
dist/assets/index-DKjkSiyR.js      22.08 kB │ gzip:  7.80 kB
dist/assets/vendor-CRlfowU2.js    152.88 kB │ gzip: 49.60 kB
✓ built in 4.65s
